SoundProducer :> [Animal, Cat]
SoundProducer <: []
Movable :> [Car, Robot, Vehicle]
Movable <: []
LivingThing :> [Animal, Cat]
LivingThing <: []
Animal :> [Cat]
Animal <: [LivingThing, SoundProducer]
Vehicle :> [Car]
Vehicle <: [Movable]
Cat :> []
Cat <: [Animal, LivingThing, SoundProducer]
Car :> []
Car <: [Movable, Vehicle]
Robot :> []
Robot <: [Movable]