org.extendj.callgraph.CHAPaper2::main()->org.extendj.callgraph.H::H(),org.extendj.callgraph.C::m(),org.extendj.callgraph.E::m(),org.extendj.callgraph.C::C(),org.extendj.callgraph.A::m(),org.extendj.callgraph.B::m()
org.extendj.callgraph.H::H()->org.extendj.callgraph.F::F()
org.extendj.callgraph.F::F()->org.extendj.callgraph.C::C()
org.extendj.callgraph.C::C()->org.extendj.callgraph.A::A()
org.extendj.callgraph.A::A()->java.lang.Object::<init>()

