java.lang.Object::<init>()
org.extendj.callgraph.Root::Root() -> java.lang.Object::<init>()
org.extendj.callgraph.Root::a1() -> org.extendj.callgraph.Root::a2()
org.extendj.callgraph.Root::a2() -> org.extendj.callgraph.Root::a1(), org.extendj.callgraph.Root::a3()
org.extendj.callgraph.Root::a3() -> org.extendj.callgraph.Root::a4()
org.extendj.callgraph.Root::a4() -> org.extendj.callgraph.Root::a3()
org.extendj.callgraph.SCC::main(String[]) -> org.extendj.callgraph.Root::Root(), org.extendj.callgraph.Root::a1()

