java.lang.Object::<init>()
org.extendj.callgraph.B::a1()
org.extendj.callgraph.Override::main(String[]) -> org.extendj.callgraph.B::a1(), org.extendj.callgraph.Root::Root(), org.extendj.callgraph.Root::a1()
org.extendj.callgraph.Root::Root() -> java.lang.Object::<init>()
org.extendj.callgraph.Root::a1() -> org.extendj.callgraph.Root::a2()
org.extendj.callgraph.Root::a2()

